// Jest Snapshot v1, https://goo.gl/fbAQLP

exports[`App renders successfully 1`] = `
<ContextProvider
  value={
    Object {
      "dispatch": [Function],
      "state": Object {
        "isAuthenticated": false,
        "token": null,
        "user": null,
      },
    }
  }
>
  <Route
    component={[Function]}
    path="/"
  />
  <Route
    component={[Function]}
    path="/sign_up"
  />
</ContextProvider>
`;
